main.c:152:5:main	16	static
main.c:268:6:SystemClock_Config	88	static
main.c:313:13:MX_I2C1_Init	8	static
main.c:347:13:MX_I2C3_Init	8	static
main.c:381:13:MX_TIM2_Init	64	static
main.c:452:13:MX_TIM3_Init	48	static
main.c:514:13:MX_TIM4_Init	48	static
main.c:572:13:MX_TIM5_Init	48	static
main.c:630:13:MX_TIM6_Init	16	static
main.c:668:13:MX_TIM7_Init	16	static
main.c:706:13:MX_TIM9_Init	40	static
main.c:757:13:MX_TIM10_Init	8	static
main.c:788:13:MX_USART1_UART_Init	8	static
main.c:821:13:MX_USART2_UART_Init	8	static
main.c:854:13:MX_USART3_UART_Init	8	static
main.c:885:13:MX_DMA_Init	16	static
main.c:906:13:MX_GPIO_Init	56	static
main.c:934:6:initPWM_DATA	24	static
main.c:941:6:setPWM	8	static
main.c:945:6:ESCInit	80	static
main.c:962:6:BMPInit	40	static
main.c:997:6:GPSInit	16	static
main.c:1010:6:CompassInit	16	static
main.c:1023:6:RemoteInit	16	static
main.c:1043:6:IMUInit	32	static
main.c:1083:6:getBMPAltitude	32	static
main.c:1095:6:getCompass	8	static
main.c:1103:6:getGPSLatLon	32	static
main.c:1156:6:getIMUData	32	static
main.c:1187:6:setPWM_DATA	16	static
main.c:1207:6:HAL_UART_RxCpltCallback	16	static
main.c:1224:6:HAL_TIM_PeriodElapsedCallback	56	static
main.c:1243:6:HAL_TIM_IC_CaptureCallback	16	static
main.c:1275:6:HAL_GPIO_EXTI_Callback	16	static
main.c:1298:6:Error_Handler	4	static
