main.c:152:5:main	32	static
main.c:269:6:SystemClock_Config	88	static
main.c:314:13:MX_I2C1_Init	8	static
main.c:348:13:MX_I2C3_Init	8	static
main.c:382:13:MX_TIM1_Init	48	static
main.c:441:13:MX_TIM2_Init	64	static
main.c:512:13:MX_TIM3_Init	48	static
main.c:574:13:MX_TIM4_Init	48	static
main.c:636:13:MX_TIM5_Init	48	static
main.c:694:13:MX_TIM6_Init	16	static
main.c:732:13:MX_TIM7_Init	16	static
main.c:770:13:MX_TIM9_Init	40	static
main.c:821:13:MX_USART1_UART_Init	8	static
main.c:854:13:MX_USART2_UART_Init	8	static
main.c:887:13:MX_USART3_UART_Init	8	static
main.c:918:13:MX_DMA_Init	16	static
main.c:939:13:MX_GPIO_Init	56	static
main.c:967:6:initPWM_DATA	24	static
main.c:974:6:setPWM	8	static
main.c:978:6:ESCInit	80	static
main.c:995:6:BMPInit	40	static
main.c:1030:6:GPSInit	16	static
main.c:1043:6:CompassInit	16	static
main.c:1056:6:RemoteInit	16	static
main.c:1076:6:IMUInit	32	static
main.c:1116:6:getBMPAltitude	32	static
main.c:1128:6:getCompass	8	static
main.c:1136:6:getGPSLatLon	32	static
main.c:1189:6:getIMUData	32	static
main.c:1220:6:setPWM_DATA	16	static
main.c:1240:6:HAL_UART_RxCpltCallback	16	static
main.c:1257:6:HAL_TIM_PeriodElapsedCallback	16	static
main.c:1267:6:HAL_TIM_IC_CaptureCallback	16	static
main.c:1299:6:HAL_GPIO_EXTI_Callback	16	static
main.c:1322:6:Error_Handler	4	static
