stm32f4xx_it.c:78:6:NMI_Handler	4	static
stm32f4xx_it.c:91:6:HardFault_Handler	4	static
stm32f4xx_it.c:106:6:MemManage_Handler	4	static
stm32f4xx_it.c:121:6:BusFault_Handler	4	static
stm32f4xx_it.c:136:6:UsageFault_Handler	4	static
stm32f4xx_it.c:151:6:SVC_Handler	4	static
stm32f4xx_it.c:164:6:DebugMon_Handler	4	static
stm32f4xx_it.c:177:6:PendSV_Handler	4	static
stm32f4xx_it.c:190:6:SysTick_Handler	8	static
stm32f4xx_it.c:210:6:EXTI3_IRQHandler	8	static
stm32f4xx_it.c:223:6:DMA1_Stream1_IRQHandler	8	static
stm32f4xx_it.c:237:6:DMA1_Stream5_IRQHandler	8	static
stm32f4xx_it.c:251:6:TIM1_BRK_TIM9_IRQHandler	8	static
stm32f4xx_it.c:266:6:TIM2_IRQHandler	8	static
stm32f4xx_it.c:280:6:TIM3_IRQHandler	8	static
stm32f4xx_it.c:294:6:TIM4_IRQHandler	8	static
stm32f4xx_it.c:308:6:TIM5_IRQHandler	8	static
stm32f4xx_it.c:322:6:TIM7_IRQHandler	8	static
